<div class="recursive">
    
    <div>
    Parent Test
    </div>

</div>