<div class="recursive">
    
    <div>
    Child Test
    </div>

</div>