<div class="multiple">
    
    <div>
    One Test
    </div>

</div>