<div class="multiple">
    
    <div>
    Two Test
    </div>

</div>