<div class="test">
    
    <div>
    Test
    </div>

</div>